
[TestIncreaseRoute/if_keys_is_not_set,_increase_returns_1 - 1]
{"previous":0,"value":1}
---

[TestIncreaseRoute/if_keys_is_not_set,_increase_returns_1 - 2]
{"previous":1,"value":2}
---

[TestIncreaseRoute/if_key_is_set,_get_returns_value - 1]
{"previous":100,"value":112}
---

[TestIncreaseRoute/if_max_is_set,_get_returns_less_or_equal - 1]
{"previous":30,"value":50}
---
